// Jest Snapshot v1, https://goo.gl/fbAQLP

exports[`Error Snapshot Testing. Throws error: expect({type: 'Polygon', coordinates: 0,0,1,0,0,1,1,0,0,1,0,0}).not.toBePolygonGeometry 1`] = `
"[2mexpect([22m[31mGeometryObject[39m[2m).not.toBePolygonGeometry()[22m

Expected input to not be a valid GeoJSON Polygon geometry.

Received:  [31m{\\"coordinates\\": [[[0, 0], [1, 0, 0], [1, 1, 0], [0, 1], [0, 0]]], \\"type\\": \\"Polygon\\"}[39m"
`;

exports[`Error Snapshot Testing. Throws error: expect(false).toBePolygonGeometry() 1`] = `
"[2mexpect([22m[31mGeometryObject[39m[2m).toBePolygonGeometry()[22m

Argument must be a GeoJSON Polygon Geometry object.

Received:  [31mfalse[39m"
`;
