// Jest Snapshot v1, https://goo.gl/fbAQLP

exports[`Error Snapshot Testing. Throws error: expect({type: 'MultiPolygon', coordinates: [0,0,1,0,0,1,1,0,0,1,0,0]}).not.toBeMultiPolygonGeometry 1`] = `
"[2mexpect([22m[31mGeometryObject[39m[2m).not.toBeMultiPolygonGeometry()[22m

Expected input to not be a valid GeoJSON MultiPolygon geometry.

Received:  [31m{\\"coordinates\\": [[[[0, 0], [1, 0, 0], [1, 1, 0], [0, 1], [0, 0]]]], \\"type\\": \\"MultiPolygon\\"}[39m"
`;

exports[`Error Snapshot Testing. Throws error: expect(false).toBeMultiPolygonGeometry() 1`] = `
"[2mexpect([22m[31mGeometryObject[39m[2m).toBeMultiPolygonGeometry()[22m

Argument must be a GeoJSON MultiPolygon Geometry object.

Received:  [31mfalse[39m"
`;
