// Jest Snapshot v1, https://goo.gl/fbAQLP

exports[`Error Snapshot Testing. Throws error: Invalid input to matcher 1`] = `
"[2mexpect([22m[31mGeoJSONObject[39m[2m).toBeValidGeoJSON()[22m

Argument must be a GeoJSON Geometry, Feature, or FeatureCollection object.

Received:  [31mfalse[39m"
`;

exports[`Error Snapshot Testing. Throws error: Valid use case passes 1`] = `
"[2mexpect([22m[31mGeoJSONObject[39m[2m).not.toBeValidGeoJSON()[22m

Expected input to not be a valid GeoJSON Geometry, Feature, or FeatureCollection object.

Received:  [31m{\\"coordinates\\": [0, 0], \\"type\\": \\"Point\\"}[39m"
`;
