// Jest Snapshot v1, https://goo.gl/fbAQLP

exports[`Error Snapshot Testing. Throws error: expect([0, 0, 0]).not.isValid3DCoordinate 1`] = `
"[2mexpect([22m[31m[longitude, latitude, altitude][39m[2m).not.isValid3DCoordinate()[22m

Expected input to not be a three element array with longitude between (-90 to 90), 
        latitude between (-180 to 180), and numeric altitude.

Received:  [31m[0, 0, 0][39m"
`;

exports[`Error Snapshot Testing. Throws error: expect([0, 0]).isValid3DCoordinate 1`] = `
"[2mexpect([22m[31m[longitude, latitude, altitude][39m[2m).isValid3DCoordinate()[22m

Input must be an array of only three elments.

Received:  [31m[0, 0][39m"
`;
