// Jest Snapshot v1, https://goo.gl/fbAQLP

exports[`Error Snapshot Testing. Throws error: Bounding box must be an array of either four or six elments 1`] = `
"[2mexpect([22m[31m[west, south, (depth), east, north, (altitude)][39m[2m).isValidBoundingBox()[22m

Bounding box must be an array of either four or six elments.

Received:  [31m[0, 1, 2, 3, 4][39m"
`;

exports[`Error Snapshot Testing. Throws error: Invalid input to matcher 1`] = `
"[2mexpect([22m[31m[west, south, (depth), east, north, (altitude)][39m[2m).isValidBoundingBox()[22m

Bounding box must be an array.

Received:  [31mfalse[39m"
`;

exports[`Error Snapshot Testing. Throws error: Valid use case passes 1`] = `
"[2mexpect([22m[31m[west, south, (depth), east, north, (altitude)][39m[2m).not.isValidBoundingBox()[22m

Expected input to not be a four or six element bounding box array.

Received:  [31m[-20, 10, -10, 20][39m"
`;
