// Jest Snapshot v1, https://goo.gl/fbAQLP

exports[`Error Snapshot Testing. Throws error: expect([0, 0]).not.isValid2DBoundingBox 1`] = `
"[2mexpect([22m[31m[east, south, west, north][39m[2m).not.isValid2DBoundingBox()[22m

Expected input to not be a four element array of numbers with longitude between (-90 to 90),
        latitude between (-180 to 180), and northern boundary greater than southern boundary.

Received:  [31m[10, 10, 20, 20][39m"
`;

exports[`Error Snapshot Testing. Throws error: expect(false).isValid2DBoundingBox() 1`] = `
"[2mexpect([22m[31m[east, south, west, north][39m[2m).isValid2DBoundingBox()[22m

Bounding box must be an array of only four elments.

Received:  [31mfalse[39m"
`;
